// Jest Snapshot v1, https://goo.gl/fbAQLP

exports[`Deck Unit Testing test decks render deck renders correctly 1`] = `
<div
  className="deck__card-container"
>
  <div
    className="card"
    data-testid="card-test-id"
  >
    <div
      className="card__verified-mark"
    >
      <svg>
        IconStarWhite.svg
      </svg>
    </div>
    <div
      className="card__topfold-container"
    >
      <div
        className="card__topfold-subcontainer--1"
      >
        <div
          className="card__logo-container"
        >
          <img
            alt=""
            className="card__logo"
            src="logo-carrier-sm-default.png"
          />
        </div>
      </div>
      <div
        className="card__topfold-subcontainer--2"
      >
        <h1
          className="card__carrier-name"
        >
          High Card
        </h1>
        <div
          className="card__star-icons"
        >
          <svg>
            IconStarGold.svg
          </svg>
          <svg>
            IconStarGold.svg
          </svg>
          <svg>
            IconStarGold.svg
          </svg>
          <svg>
            IconStarGold.svg
          </svg>
          <svg>
            IconStarGold.svg
          </svg>
        </div>
        <div
          className="card__feature-icons"
        >
          <svg>
            IconFeaturesLocalAgent.svg
          </svg>
          <svg>
            IconFeaturesMobile.svg
          </svg>
        </div>
        <div
          className="card__carrier-tagline"
        >
          Austin, TX drivers could save up to 25% with Elephant®
        </div>
      </div>
      <div
        className="card__topfold-subcontainer--3"
      >
        <div
          className="card__verified-tag"
        >
          Verified Price
        </div>
        <div
          className="card__price"
        >
          <span
            className="card__price-dollar-sign"
          >
            $
          </span>
          NaN
           
          <span
            className="card__price-month"
          >
            / mo
          </span>
        </div>
      </div>
    </div>
    <div
      className="card__accordion--up"
    >
      <div
        className="card__featureslistdropdown"
      >
        <h2>
          Features
        </h2>
        <div
          className="card__dropdown-divider"
        />
        <ul
          className="card__featureslistdropdown-unorderedlist"
        >
          <li>
            Local Agents
          </li>
          <li>
            Mobile Claim Reporting
          </li>
        </ul>
      </div>
      <div
        className="card__detailsdropdown"
      >
        <h2>
          Why 
          High Card
          ?
        </h2>
        <div
          className="card__dropdown-divider"
        />
        <p>
          Texas Farm Bureau offers auto insurance that best suits their customers' needs, with competitive rates and the right coverage for how and where you drive.
        </p>
      </div>
    </div>
    <button
      className="card__chevron-button"
      onClick={[Function]}
    >
      <svg
        className="card__chevron--down"
      >
        IconChevronDown.svg
      </svg>
    </button>
  </div>
  <div
    className="card"
    data-testid="card-test-id"
  >
    <div
      className="card__verified-mark"
    >
      <svg>
        IconStarWhite.svg
      </svg>
    </div>
    <div
      className="card__topfold-container"
    >
      <div
        className="card__topfold-subcontainer--1"
      >
        <div
          className="card__logo-container"
        >
          <img
            alt=""
            className="card__logo"
            src="logo-carrier-sm-default.png"
          />
        </div>
      </div>
      <div
        className="card__topfold-subcontainer--2"
      >
        <h1
          className="card__carrier-name"
        >
          Low Card
        </h1>
        <div
          className="card__star-icons"
        >
          <svg>
            IconStarGrey.svg
          </svg>
          <svg>
            IconStarGrey.svg
          </svg>
          <svg>
            IconStarGrey.svg
          </svg>
          <svg>
            IconStarGrey.svg
          </svg>
          <svg>
            IconStarGrey.svg
          </svg>
        </div>
        <div
          className="card__feature-icons"
        >
          <svg>
            IconFeaturesLocalAgent.svg
          </svg>
          <svg>
            IconFeaturesMobile.svg
          </svg>
        </div>
        <div
          className="card__carrier-tagline"
        >
          Austin, TX drivers could save up to 25% with Elephant®
        </div>
      </div>
      <div
        className="card__topfold-subcontainer--3"
      >
        <div
          className="card__verified-tag"
        >
          Verified Price
        </div>
        <div
          className="card__price"
        >
          <span
            className="card__price-dollar-sign"
          >
            $
          </span>
          NaN
           
          <span
            className="card__price-month"
          >
            / mo
          </span>
        </div>
      </div>
    </div>
    <div
      className="card__accordion--up"
    >
      <div
        className="card__featureslistdropdown"
      >
        <h2>
          Features
        </h2>
        <div
          className="card__dropdown-divider"
        />
        <ul
          className="card__featureslistdropdown-unorderedlist"
        >
          <li>
            Local Agents
          </li>
          <li>
            Mobile Claim Reporting
          </li>
        </ul>
      </div>
      <div
        className="card__detailsdropdown"
      >
        <h2>
          Why 
          Low Card
          ?
        </h2>
        <div
          className="card__dropdown-divider"
        />
        <p>
          Texas Farm Bureau offers auto insurance that best suits their customers' needs, with competitive rates and the right coverage for how and where you drive.
        </p>
      </div>
    </div>
    <button
      className="card__chevron-button"
      onClick={[Function]}
    >
      <svg
        className="card__chevron--down"
      >
        IconChevronDown.svg
      </svg>
    </button>
  </div>
</div>
`;
